_Ga=d,d=I,i=1\ ♪ Tunez  Provider:  ()                                 ● OK  Queue: 0  [?]   
──────────────────────────────────────────────────────────────────────────────
  ♪ Now Playing     │ Config                                                  
  ⌕ Search          │                                                         
  ≡ Library         │ Sections                                                
  ☰ Queue           │ ╭──────────────────────────╮                            
  ⚙ Config          │ │  ▣ Providers & Profiles  │                            
                    │ │  ▢ Theme & ANSI          │                            
                    │ │  ▢ Keybindings           │                            
                    │ │  ▢ Cache / Offline       │                            
                    │ │  ▢ Logging & Diagnostics │                            
                    │ │                          │                            
                    │ ╰──────────────────────────╯                            
                    │                                                         
                    │ Details                                                 
                    │ ╭───────────────────╮                                   
                    │ │ Total Profiles: 0 │                                   
                    │ │                   │                                   
                    │ ╰───────────────────╯                                   
                    │                                                         
──────────────────────────────────────────────────────────────────────────────
 ⏵  (not playing)    Vol: 0%                                                  
 [Space]Play [n/p]Skip [h/l]Seek [+/-]Vol [?]Help                             