 ♪ Tunez  Provider:  ()                              ● OK  Queue: 0  [? Help]   
────────────────────────────────────────────────────────────────────────────────
  ♪ Now Playing │ Albums  1/2                                                   
  ⌕ Search      │ ╭────────────────────────────────────╮                        
  ≡ Library     │ │  ▣ Abbey Road — The Beatles (1969) │                        
  ☰ Queue       │ │  ▢ Let It Be — The Beatles (1970)  │                        
  ⚙ Config      │ │                                    │                        
                │ ╰────────────────────────────────────╯                        
                │                                                               
                │ Details                                                       
                │ ╭───────────────────╮                                         
                │ │ Abbey Road (1969) │                                         
                │ │ The Beatles       │                                         
                │ │ Tracks: 17        │                                         
                │ ╰───────────────────╯                                         
                │                                                               
                │ [Enter]Open/Play  [a]Add to Queue  [A]Play Next               
                │ [Backspace]Back                                               
                │                                                               
                │                                                               
⏵  (not playing)    Vol: 0%                                                     
[Space]Play/Pause [n/p]Next/Prev [h/l]Seek [+/-]Vol [s]Shuffle [r]Repeat [?]Help