 ♪ Tunez  Provider:  ()                              ● OK  Queue: 0  [? Help]   
────────────────────────────────────────────────────────────────────────────────
  ♪ Now Playing │ Artists  1/5                                                  
  ⌕ Search      │ ╭─────────────────────────────╮                               
  ≡ Library     │ │  ▣ The Beatles  (12 albums) │                               
  ☰ Queue       │ │  ▢ Pink Floyd  (15 albums)  │                               
  ⚙ Config      │ │  ▢ Led Zeppelin  (9 albums) │                               
                │ │  ▢ Queen  (15 albums)       │                               
                │ │  ▢ David Bowie  (26 albums) │                               
                │ │                             │                               
                │ ╰─────────────────────────────╯                               
                │                                                               
                │ Details                                                       
                │ ╭─────────────╮                                               
                │ │ The Beatles │                                               
                │ │ Albums: 12  │                                               
                │ ╰─────────────╯                                               
                │                                                               
                │ [Enter]Open/Play  [a]Add to Queue  [A]Play Next               
                │ [Backspace]Back                                               
⏵  (not playing)    Vol: 0%                                                     
[Space]Play/Pause [n/p]Next/Prev [h/l]Seek [+/-]Vol [s]Shuffle [r]Repeat [?]Help