_Ga=d,d=I,i=1\ ♪ Tunez  Provider:  ()                                 ● OK  Queue: 0  [?]   
──────────────────────────────────────────────────────────────────────────────
  ♪ Now Playing     │ Albums (2)                                              
  ⌕ Search          │ ╭────────────────────────────────────╮                  
  ≡ Library         │ │  ▣ Abbey Road — The Beatles (1969) │                  
  ☰ Queue           │ │  ▢ Let It Be — The Beatles (1970)  │                  
  ⚙ Config          │ │                                    │                  
                    │ ╰────────────────────────────────────╯                  
                    │                                                         
                    │ Details                                                 
                    │ ╭───────────────────╮                                   
                    │ │ Abbey Road (1969) │                                   
                    │ │ The Beatles       │                                   
                    │ │ Tracks: 17        │                                   
                    │ ╰───────────────────╯                                   
                    │                                                         
                    │ [Enter]Open/Play  [a]Add to Queue  [A]Play              
                    │ Next  [Backspace]Back                                   
                    │                                                         
                    │                                                         
──────────────────────────────────────────────────────────────────────────────
 ⏵  (not playing)    Vol: 0%                                                  
 [Space]Play [n/p]Skip [h/l]Seek [+/-]Vol [?]Help                             