 ♪ Tunez  Provider:  ()                              ● OK  Queue: 0  [? Help]   
────────────────────────────────────────────────────────────────────────────────
  ♪ Now Playing │ Tracks  1/3                                                   
  ⌕ Search      │ ╭───────────────────────────────────────────────╮             
  ≡ Library     │ │  ▶ 01  The Beatles — Come Together  4:19      │             
  ☰ Queue       │ │    02  The Beatles — Something  3:03          │             
  ⚙ Config      │ │    03  The Beatles — Here Comes the Sun  3:05 │             
                │ │                                               │             
                │ ╰───────────────────────────────────────────────╯             
                │                                                               
                │ Details                                                       
                │ ╭───────────────────╮                                         
                │ │ Abbey Road (1969) │                                         
                │ │ The Beatles       │                                         
                │ │ Tracks: 17        │                                         
                │ ╰───────────────────╯                                         
                │                                                               
                │ [Enter]Open/Play  [a]Add to Queue  [A]Play Next               
                │ [Backspace]Back                                               
                │                                                               
⏵  (not playing)    Vol: 0%                                                     
[Space]Play/Pause [n/p]Next/Prev [h/l]Seek [+/-]Vol [s]Shuffle [r]Repeat [?]Help