_Ga=d,d=I,i=1\ ♪ Tunez  Provider:  ()                                 ● OK  Queue: 0  [?]   
──────────────────────────────────────────────────────────────────────────────
  ♪ Now Playing     │ Artists (5)                                             
  ⌕ Search          │ ╭─────────────────────────────╮                         
  ≡ Library         │ │  ▣ The Beatles  (12 albums) │                         
  ☰ Queue           │ │  ▢ Pink Floyd  (15 albums)  │                         
  ⚙ Config          │ │  ▢ Led Zeppelin  (9 albums) │                         
                    │ │  ▢ Queen  (15 albums)       │                         
                    │ │  ▢ David Bowie  (26 albums) │                         
                    │ │                             │                         
                    │ ╰─────────────────────────────╯                         
                    │                                                         
                    │ Details                                                 
                    │ ╭─────────────╮                                         
                    │ │ The Beatles │                                         
                    │ │ Albums: 12  │                                         
                    │ ╰─────────────╯                                         
                    │                                                         
                    │ [Enter]Open/Play  [a]Add to Queue  [A]Play              
                    │ Next  [Backspace]Back                                   
──────────────────────────────────────────────────────────────────────────────
 ⏵  (not playing)    Vol: 0%                                                  
 [Space]Play [n/p]Skip [h/l]Seek [+/-]Vol [?]Help                             