_Ga=d,d=I,i=1\ ♪ Tunez  Provider:  ()                                 ● OK  Queue: 0  [?]   
──────────────────────────────────────────────────────────────────────────────
  ♪ Now Playing     │ ╭───────────────────────────────────────╮               
  ⌕ Search          │ │                                       │               
  ≡ Library         │ │           ♪ Nothing playing           │               
  ☰ Queue           │ │                                       │               
  ⚙ Config          │ │ Select a track from Library or Search │               
                    │ │                                       │               
                    │ ╰───────────────────────────────────────╯Up             
                    │ Next                                                    
                    │   (End of queue)                                        
                    │                                                         
                    │                                                         
                    │                                                         
                    │                                                         
                    │                                                         
                    │                                                         
                    │                                                         
                    │                                                         
                    │                                                         
──────────────────────────────────────────────────────────────────────────────
 ⏵  (not playing)    Vol: 0%                                                  
 [Space]Play [n/p]Skip [h/l]Seek [+/-]Vol [?]Help                             