 ♪ Tunez  Provider:  ()                              ● OK  Queue: 0  [? Help]   
────────────────────────────────────────────────────────────────────────────────
  ♪ Now Playing │ ╭───────────────────────────────────────╮                     
  ⌕ Search      │ │                                       │                     
  ≡ Library     │ │           ♪ Nothing playing           │                     
  ☰ Queue       │ │                                       │                     
  ⚙ Config      │ │ Select a track from Library or Search │                     
                │ │                                       │                     
                │ ╰───────────────────────────────────────╯Up Next              
                │   (End of queue)                                              
                │                                                               
                │ [Space]Play/Pause [n/p]Next/Prev [h/l]Seek [s]Shuffle         
                │ [r]Repeat                                                     
                │                                                               
                │                                                               
                │                                                               
                │                                                               
                │                                                               
                │                                                               
                │                                                               
⏵  (not playing)    Vol: 0%                                                     
[Space]Play/Pause [n/p]Next/Prev [h/l]Seek [+/-]Vol [s]Shuffle [r]Repeat [?]Help