 ♪ Tunez  Provider:  ()                                   ● OK  Queue: 0  [?]   
────────────────────────────────────────────────────────────────────────────────
  ♪ Now Playing │ Queue  Items: 0   Mode: Normal   Shuffle: Off   Repeat:       
  ⌕ Search      │ Off                                                           
  ≡ Library     │                                                               
  ☰ Queue       │ ╭──────────────────────────────────────────────────────╮      
  ⚙ Config      │ │   Queue is empty. Add tracks from Library or Search. │      
                │ ╰──────────────────────────────────────────────────────╯      
                │                                                               
                │ [Enter]Play  [x]Remove  [C]Clear  [u/d]Move Up/Down           
                │ [P]Play Next                                                  
                │                                                               
                │                                                               
                │                                                               
                │                                                               
                │                                                               
                │                                                               
                │                                                               
                │                                                               
                │                                                               
⏵  (not playing)    Vol: 0%                                                     
[Space]Play/Pause [n/p]Next/Prev [h/l]Seek [+/-]Vol [s]Shuffle [r]Repeat [?]Help