_Ga=d,d=I,i=1\ ♪ Tunez  Provider:  ()                                 ● OK  Queue: 0  [?]   
──────────────────────────────────────────────────────────────────────────────
  ♪ Now Playing     │ Queue  Items: 0   Mode: Normal   Shuffle:               
  ⌕ Search          │ Off   Repeat: Off                                       
  ≡ Library         │                                                         
  ☰ Queue           │   Queue is empty. Add tracks from Library or            
  ⚙ Config          │ Search.                                                 
                    │ [Enter]Play  [x]Remove  [C]Clear  [u/d]Move             
                    │ Up/Down  [P]Play Next                                   
                    │                                                         
                    │                                                         
                    │                                                         
                    │                                                         
                    │                                                         
                    │                                                         
                    │                                                         
                    │                                                         
                    │                                                         
                    │                                                         
                    │                                                         
──────────────────────────────────────────────────────────────────────────────
 ⏵  (not playing)    Vol: 0%                                                  
 [Space]Play [n/p]Skip [h/l]Seek [+/-]Vol [?]Help                             