_Ga=d,d=I,i=1\ ♪ Tunez  Provider:  ()                                 ● OK  Queue: 0  [?]   
──────────────────────────────────────────────────────────────────────────────
  ♪ Now Playing     │ Search: (press / to search)                             
  ⌕ Search          │                                                         
  ≡ Library         │ Filter: [Tracks]  Albums   Artists                      
  ☰ Queue           │                                                         
  ⚙ Config          │ Results (Tracks)                                        
                    │ ╭──────────────────────────────────────╮                
                    │ │   Enter a search query to find music │                
                    │ ╰──────────────────────────────────────╯                
                    │ [/]Search  [f]Cycle Filter  [Enter]Play                 
                    │ [a]Add to Queue  [A]Play Next                           
                    │                                                         
                    │                                                         
                    │                                                         
                    │                                                         
                    │                                                         
                    │                                                         
                    │                                                         
                    │                                                         
──────────────────────────────────────────────────────────────────────────────
 ⏵  (not playing)    Vol: 0%                                                  
 [Space]Play [n/p]Skip [h/l]Seek [+/-]Vol [?]Help                             